{
  "test.ns.CurrencyAnd19DecimalAmount" : {
    "attributes" : {
      "value" : {
        "xmlRepresentation" : "VALUE"
      }
    }
  }
}