{
  "test.ns.Measure" : {
    "attributes" : {
      "value" : {
        "xmlRepresentation" : "VALUE"
      }
    }
  },
  "test.ns.TopLevel" : {
    "xmlRootElementName" : "TopLevel",
    "xmlAttributes" : {
      "xmlns" : "urn:my.schema",
      "xmlns:xsi" : "http://www.w3.org/2001/XMLSchema-instance"
    }
  }
}